{
  "data" : {
    "model" : {
      "groupingColumn" : "Cluster Membership",
      "groupOne" : "",
      "groupTwo" : "",
      "confidenceIntervalProb" : 95.0,
      "testColumns" : {
        "mode" : "MANUAL",
        "patternFilter" : {
          "pattern" : "",
          "isCaseSensitive" : true,
          "isInverted" : false
        },
        "manualFilter" : {
          "manuallySelected" : [ "Universe_0_0", "Universe_0_1", "Universe_1_0", "Universe_1_1" ],
          "manuallyDeselected" : [ ],
          "includeUnknownColumns" : true
        },
        "typeFilter" : {
          "selectedTypes" : [ ],
          "typeDisplays" : [ ]
        }
      }
    }
  },
  "schema" : {
    "type" : "object",
    "properties" : {
      "model" : {
        "type" : "object",
        "properties" : {
          "confidenceIntervalProb" : {
            "type" : "number",
            "format" : "double",
            "title" : "Confidence Interval (in %)",
            "description" : "The limits for the confidence interval are computed using this number. The default is 95 which means that\nyou can be 95% confident that the true value of the parameter is in the confidence interval.\n",
            "default" : 95.0
          },
          "groupOne" : {
            "type" : "string",
            "title" : "Group one",
            "description" : "All rows of the input table which have this this value in the grouping column are assigned to group one.\n"
          },
          "groupTwo" : {
            "type" : "string",
            "title" : "Group two",
            "description" : "All rows of the input table which have this this value in the grouping column are assigned to group two.\n"
          },
          "groupingColumn" : {
            "type" : "string",
            "title" : "Grouping column",
            "description" : "Column holding the grouping information data.\n"
          },
          "testColumns" : {
            "type" : "object",
            "properties" : {
              "manualFilter" : {
                "type" : "object",
                "properties" : {
                  "includeUnknownColumns" : {
                    "type" : "boolean",
                    "default" : false
                  },
                  "manuallyDeselected" : {
                    "type" : "array",
                    "items" : {
                      "type" : "string"
                    }
                  },
                  "manuallySelected" : {
                    "type" : "array",
                    "items" : {
                      "type" : "string"
                    }
                  }
                },
                "default" : {
                  "manuallySelected" : [ ],
                  "manuallyDeselected" : [ ],
                  "includeUnknownColumns" : false
                }
              },
              "mode" : {
                "oneOf" : [ {
                  "const" : "MANUAL",
                  "title" : "Manual"
                }, {
                  "const" : "REGEX",
                  "title" : "Regex"
                }, {
                  "const" : "WILDCARD",
                  "title" : "Wildcard"
                }, {
                  "const" : "TYPE",
                  "title" : "Type"
                } ],
                "default" : "MANUAL"
              },
              "patternFilter" : {
                "type" : "object",
                "properties" : {
                  "isCaseSensitive" : {
                    "type" : "boolean",
                    "default" : false
                  },
                  "isInverted" : {
                    "type" : "boolean",
                    "default" : false
                  },
                  "pattern" : {
                    "type" : "string",
                    "default" : ""
                  }
                },
                "default" : {
                  "pattern" : "",
                  "isCaseSensitive" : false,
                  "isInverted" : false
                }
              },
              "selected" : {
                "type" : "array",
                "items" : {
                  "type" : "string"
                }
              },
              "typeFilter" : {
                "type" : "object",
                "properties" : {
                  "selectedTypes" : {
                    "default" : [ ],
                    "type" : "array",
                    "items" : {
                      "type" : "string"
                    }
                  }
                },
                "default" : {
                  "selectedTypes" : [ ],
                  "typeDisplays" : [ ]
                }
              }
            },
            "title" : "Test columns",
            "description" : "A independent groups t-test is performed separately for each of these columns.\n",
            "default" : {
              "mode" : "MANUAL",
              "patternFilter" : {
                "pattern" : "",
                "isCaseSensitive" : false,
                "isInverted" : false
              },
              "manualFilter" : {
                "manuallySelected" : [ ],
                "manuallyDeselected" : [ ],
                "includeUnknownColumns" : false
              },
              "typeFilter" : {
                "selectedTypes" : [ ],
                "typeDisplays" : [ ]
              }
            }
          }
        }
      }
    }
  },
  "ui_schema" : {
    "elements" : [ {
      "type" : "Control",
      "scope" : "#/properties/model/properties/groupingColumn",
      "options" : {
        "format" : "dropDown"
      },
      "providedOptions" : [ "possibleValues" ]
    }, {
      "type" : "Control",
      "scope" : "#/properties/model/properties/groupOne",
      "options" : {
        "format" : "dropDown"
      },
      "providedOptions" : [ "possibleValues" ]
    }, {
      "type" : "Control",
      "scope" : "#/properties/model/properties/groupTwo",
      "options" : {
        "format" : "dropDown"
      },
      "providedOptions" : [ "possibleValues" ]
    }, {
      "type" : "Control",
      "scope" : "#/properties/model/properties/confidenceIntervalProb",
      "options" : {
        "validation" : {
          "max" : {
            "errorMessage" : "The value must not exceed 99.",
            "parameters" : {
              "isExclusive" : false,
              "max" : 99.0
            }
          },
          "min" : {
            "errorMessage" : "The value must be at least 1.",
            "parameters" : {
              "isExclusive" : false,
              "min" : 1.0
            }
          }
        }
      }
    }, {
      "type" : "Control",
      "scope" : "#/properties/model/properties/testColumns",
      "options" : {
        "format" : "typedStringFilter",
        "unknownValuesText" : "Any unknown column",
        "emptyStateLabel" : "No columns in this list.",
        "hideTypeFilter" : true
      },
      "providedOptions" : [ "possibleValues" ]
    } ]
  },
  "persist" : {
    "type" : "object",
    "properties" : {
      "model" : {
        "type" : "object",
        "properties" : {
          "groupingColumn" : {
            "configKey" : "groupingColumn"
          },
          "groupOne" : {
            "configKey" : "groupOne"
          },
          "groupTwo" : {
            "configKey" : "groupTwo"
          },
          "confidenceIntervalProb" : {
            "configPaths" : [ [ "confidenceIntervalProb" ] ]
          },
          "testColumns" : {
            "configPaths" : [ [ "testColumns", "filter-type" ], [ "testColumns", "included_names" ], [ "testColumns", "excluded_names" ], [ "testColumns", "enforce_option" ], [ "testColumns", "name_pattern", "pattern" ], [ "testColumns", "name_pattern", "type" ], [ "testColumns", "name_pattern", "caseSensitive" ], [ "testColumns", "name_pattern", "excludeMatching" ] ]
          }
        }
      }
    }
  },
  "initialUpdates" : [ {
    "scope" : "#/properties/model/properties/groupOne",
    "providedOptionName" : "possibleValues",
    "values" : [ {
      "indices" : [ ],
      "value" : [ ]
    } ]
  }, {
    "scope" : "#/properties/model/properties/groupTwo",
    "providedOptionName" : "possibleValues",
    "values" : [ {
      "indices" : [ ],
      "value" : [ ]
    } ]
  }, {
    "scope" : "#/properties/model/properties/groupingColumn",
    "providedOptionName" : "possibleValues",
    "values" : [ {
      "indices" : [ ],
      "value" : [ {
        "id" : "Universe_0_0",
        "text" : "Universe_0_0",
        "type" : {
          "id" : "org.knime.core.data.DoubleValue",
          "text" : "Number (Float)"
        }
      }, {
        "id" : "Universe_0_1",
        "text" : "Universe_0_1",
        "type" : {
          "id" : "org.knime.core.data.DoubleValue",
          "text" : "Number (Float)"
        }
      }, {
        "id" : "Universe_1_0",
        "text" : "Universe_1_0",
        "type" : {
          "id" : "org.knime.core.data.DoubleValue",
          "text" : "Number (Float)"
        }
      }, {
        "id" : "Universe_1_1",
        "text" : "Universe_1_1",
        "type" : {
          "id" : "org.knime.core.data.DoubleValue",
          "text" : "Number (Float)"
        }
      }, {
        "id" : "Cluster Membership",
        "text" : "Cluster Membership",
        "type" : {
          "id" : "org.knime.core.data.StringValue",
          "text" : "String"
        }
      } ]
    } ]
  }, {
    "scope" : "#/properties/model/properties/testColumns",
    "providedOptionName" : "possibleValues",
    "values" : [ {
      "indices" : [ ],
      "value" : [ {
        "id" : "Universe_0_0",
        "text" : "Universe_0_0",
        "type" : {
          "id" : "org.knime.core.data.DoubleValue",
          "text" : "Number (Float)"
        }
      }, {
        "id" : "Universe_0_1",
        "text" : "Universe_0_1",
        "type" : {
          "id" : "org.knime.core.data.DoubleValue",
          "text" : "Number (Float)"
        }
      }, {
        "id" : "Universe_1_0",
        "text" : "Universe_1_0",
        "type" : {
          "id" : "org.knime.core.data.DoubleValue",
          "text" : "Number (Float)"
        }
      }, {
        "id" : "Universe_1_1",
        "text" : "Universe_1_1",
        "type" : {
          "id" : "org.knime.core.data.DoubleValue",
          "text" : "Number (Float)"
        }
      } ]
    } ]
  } ],
  "globalUpdates" : [ {
    "trigger" : {
      "scope" : "#/properties/model/properties/groupingColumn"
    },
    "dependencies" : [ "#/properties/model/properties/groupingColumn" ]
  } ]
}